../../Middlewares/ST/touchgfx/framework/include/touchgfx/Screen.hpp:104:18:virtual void touchgfx::Screen::afterTransition()	0	static
../../Middlewares/ST/touchgfx/framework/include/touchgfx/Screen.hpp:144:18:virtual void touchgfx::Screen::handleTickEvent()	0	static
../../Middlewares/ST/touchgfx/framework/include/touchgfx/Screen.hpp:154:18:virtual void touchgfx::Screen::handleKeyEvent(uint8_t)	0	static
D:/Projects/TouchGFXProjects/002_LED_ON/TouchGFX/gui/src/screen1_screen/Screen1View.cpp:15:6:virtual void Screen1View::tearDownScreen()	0	static
D:/Projects/TouchGFXProjects/002_LED_ON/TouchGFX/gui/src/screen1_screen/Screen1View.cpp:32:6:virtual void Screen1View::led_blink()	0	static
D:/Projects/TouchGFXProjects/002_LED_ON/TouchGFX/gui/src/screen1_screen/Screen1View.cpp:20:6:virtual void Screen1View::led_on()	8	static
D:/Projects/TouchGFXProjects/002_LED_ON/TouchGFX/gui/src/screen1_screen/Screen1View.cpp:26:6:virtual void Screen1View::led_off()	8	static
../../TouchGFX/gui/include/gui/screen1_screen/Screen1View.hpp:11:13:Screen1View::~Screen1View()	8	static
../../TouchGFX/gui/include/gui/screen1_screen/Screen1View.hpp:11:13:virtual Screen1View::~Screen1View()	8	static
D:/Projects/TouchGFXProjects/002_LED_ON/TouchGFX/gui/src/screen1_screen/Screen1View.cpp:5:1:Screen1View::Screen1View()	8	static
D:/Projects/TouchGFXProjects/002_LED_ON/TouchGFX/gui/src/screen1_screen/Screen1View.cpp:10:6:virtual void Screen1View::setupScreen()	0	static
